###############################################################################
#
# IAR ELF Linker V8.30.1.114/W32 for ARM                  04/Dec/2019  09:11:01
# Copyright 2007-2018 IAR Systems AB.
#
#    Output file  =  ..\iar\debug\Exe\hello_world.out
#    Map file     =  
#        C:/Other_Code_Repo/CMake_IAR_Template/TWR-KW24D512/boards/twrkw24d512/demo_apps/hello_world/iar/Debug/List/hello_world.map
#    Command line =  
#        CMakeFiles\asm.dir\C_\Other_Code_Repo\CMake_IAR_Template\TWR-KW24D512\devices\MKW24D5\iar\startup_MKW24D5.s.obj
#        CMakeFiles\hello_world.dir\C_\Other_Code_Repo\CMake_IAR_Template\TWR-KW24D512\devices\MKW24D5\drivers\fsl_uart.c.obj
#        CMakeFiles\hello_world.dir\hello_world.c.obj
#        CMakeFiles\hello_world.dir\pin_mux.c.obj
#        CMakeFiles\hello_world.dir\board.c.obj
#        CMakeFiles\hello_world.dir\C_\Other_Code_Repo\CMake_IAR_Template\TWR-KW24D512\devices\MKW24D5\drivers\fsl_common.c.obj
#        CMakeFiles\hello_world.dir\C_\Other_Code_Repo\CMake_IAR_Template\TWR-KW24D512\devices\MKW24D5\utilities\fsl_debug_console.c.obj
#        CMakeFiles\hello_world.dir\C_\Other_Code_Repo\CMake_IAR_Template\TWR-KW24D512\devices\MKW24D5\system_MKW24D5.c.obj
#        CMakeFiles\hello_world.dir\C_\Other_Code_Repo\CMake_IAR_Template\TWR-KW24D512\devices\MKW24D5\drivers\fsl_gpio.c.obj
#        CMakeFiles\hello_world.dir\clock_config.c.obj
#        CMakeFiles\hello_world.dir\C_\Other_Code_Repo\CMake_IAR_Template\TWR-KW24D512\devices\MKW24D5\drivers\fsl_smc.c.obj
#        CMakeFiles\hello_world.dir\C_\Other_Code_Repo\CMake_IAR_Template\TWR-KW24D512\devices\MKW24D5\drivers\fsl_flash.c.obj
#        CMakeFiles\hello_world.dir\C_\Other_Code_Repo\CMake_IAR_Template\TWR-KW24D512\devices\MKW24D5\drivers\fsl_clock.c.obj
#        --config_def=gUseBootloaderLink_d=1 --config_def=APPLICATION_BUILD=1
#        --config
#        C:/Other_Code_Repo/CMake_IAR_Template/TWR-KW24D512/boards/twrkw24d512/demo_apps/hello_world/iar/MKW24D512xxx5_flash.icf
#        --redirect _Printf=_PrintfLargeNoMb --redirect _Scanf=_ScanfFullNoMb
#        --map
#        C:/Other_Code_Repo/CMake_IAR_Template/TWR-KW24D512/boards/twrkw24d512/demo_apps/hello_world/iar/Debug/List/hello_world.map
#        --entry __iar_program_start --inline --no_exceptions --vfe=forced
#        --merge_duplicate_sections -o ..\iar\debug\Exe\hello_world.out
#
###############################################################################

*******************************************************************************
*** RUNTIME MODEL ATTRIBUTES
***

CppFlavor       = *
__SystemLibrary = DLib
__dlib_version  = 6


*******************************************************************************
*** HEAP SELECTION
***

The basic heap was selected because no calls to memory allocation
functions were found in the application outside of system library
functions, and there are calls to deallocation functions in the
application.


*******************************************************************************
*** PLACEMENT SUMMARY
***

"A0":  place at 0x0 { ro section .intvec };
"P1":  place in [from 0x400 to 0x40f] { section FlashConfig };
"P2":  place in [from 0x0 to 0x3ff] |
                [from 0x410 to 0x7'ffff] { ro };
define block RW { rw };
"P3":  place in [from 0x1fff'8000 to 0x1fff'ffff] |
                [from 0x2000'0000 to 0x2000'7bff] { block RW };
define block ZI { zi };
"P4":  place in [from 0x1fff'8000 to 0x1fff'ffff] |
                [from 0x2000'0000 to 0x2000'7bff] { block ZI };
define block CSTACK with size = 1K, alignment = 8 { };
"P6":  place in [from 0x2000'7c00 to 0x2000'7fff] { block CSTACK };
initialize by copy { rw, section .textrw };

No sections matched the following patterns:

  section m_interrupts_ram  in "P7"


  Section            Kind         Address    Size  Object
  -------            ----         -------    ----  ------
"A0":                                       0x400
  .intvec            ro code          0x0   0x400  startup_MKW24D5.s.obj [1]
                                  - 0x400   0x400

"P1":                                        0x10
  FlashConfig        ro code        0x400    0x10  startup_MKW24D5.s.obj [1]
                                  - 0x410    0x10

"P2":                                      0x1230
  .text              ro code        0x410   0x4c0  fsl_clock.c.obj [4]
  .text              ro code        0x8d0    0x18  fsl_common.c.obj [4]
  .text              ro code        0x8e8   0x3c4  fsl_debug_console.c.obj [5]
  .text              ro code        0xcac   0x2fe  fsl_uart.c.obj [4]
  .text              ro code        0xfaa    0x3a  zero_init3.o [7]
  .text              ro code        0xfe4    0x36  strlen.o [7]
  .text              ro code       0x101a     0x2  startup_MKW24D5.s.obj [1]
  .rodata            const         0x101c    0xb4  fsl_uart.c.obj [4]
  .rodata            const         0x10d0    0xb4  fsl_uart.c.obj [4]
  .text              ro code       0x1184    0x8c  board.c.obj [2]
  .text              ro code       0x1210    0x88  clock_config.c.obj [2]
  .text              ro code       0x1298    0x64  pin_mux.c.obj [2]
  .rodata            const         0x12fc    0x2c  hello_world.c.obj [2]
  .rodata            const         0x1328    0x2c  fsl_common.c.obj [4]
  .text              ro code       0x1354    0x2c  copy_init3.o [7]
  .text              ro code       0x1380    0x28  startup_MKW24D5.s.obj [1]
  .text              ro code       0x13a8    0x28  data_init.o [7]
  .text              ro code       0x13d0    0x24  hello_world.c.obj [2]
  .iar.init_table    const         0x13f4    0x24  - Linker created -
  .text              ro code       0x1418    0x20  system_MKW24D5.c.obj [3]
  .text              ro code       0x1438    0x1e  cmain.o [7]
  .text              ro code       0x1456     0x4  exit.o [6]
  .text              ro code       0x145c     0xa  cexit.o [7]
  .text              ro code       0x1468     0xc  XXexit.o [7]
  .rodata            const         0x1474    0x1c  fsl_uart.c.obj [4]
  .rodata            const         0x1490    0x18  fsl_uart.c.obj [4]
  .rodata            const         0x14a8    0x10  fsl_clock.c.obj [4]
  .rodata            const         0x14b8    0x10  fsl_clock.c.obj [4]
  .rodata            const         0x14c8     0xc  fsl_uart.c.obj [4]
  .rodata            const         0x14d4     0xc  fsl_uart.c.obj [4]
  .rodata            const         0x14e0     0xc  fsl_uart.c.obj [4]
  .rodata            const         0x14ec     0xc  clock_config.c.obj [2]
  .rodata            const         0x14f8     0xc  fsl_clock.c.obj [4]
  .rodata            const         0x1504     0xc  fsl_clock.c.obj [4]
  .rodata            const         0x1510     0xc  fsl_clock.c.obj [4]
  .text              ro code       0x151c     0xc  cstartup_M.o [7]
  Initializer bytes  const         0x1528     0xc  <for RW-1>
  .rodata            const         0x1534     0x8  fsl_uart.c.obj [4]
  .rodata            const         0x153c     0x8  fsl_uart.c.obj [4]
  .rodata            const         0x1544     0x8  clock_config.c.obj [2]
  .rodata            const         0x154c     0x8  clock_config.c.obj [2]
  .text              ro code       0x1554     0x8  startup_MKW24D5.s.obj [1]
  .text              ro code       0x155c     0x8  startup_MKW24D5.s.obj [1]
  .text              ro code       0x1564     0x8  startup_MKW24D5.s.obj [1]
  .text              ro code       0x156c     0x8  startup_MKW24D5.s.obj [1]
  .text              ro code       0x1574     0x8  startup_MKW24D5.s.obj [1]
  .text              ro code       0x157c     0x8  startup_MKW24D5.s.obj [1]
  .text              ro code       0x1584     0x8  startup_MKW24D5.s.obj [1]
  .text              ro code       0x158c     0x8  startup_MKW24D5.s.obj [1]
  .text              ro code       0x1594     0x8  startup_MKW24D5.s.obj [1]
  .text              ro code       0x159c     0x8  startup_MKW24D5.s.obj [1]
  .text              ro code       0x15a4     0x8  startup_MKW24D5.s.obj [1]
  .text              ro code       0x15ac     0x8  startup_MKW24D5.s.obj [1]
  .text              ro code       0x15b4     0x8  startup_MKW24D5.s.obj [1]
  .text              ro code       0x15bc     0x8  startup_MKW24D5.s.obj [1]
  .text              ro code       0x15c4     0x8  startup_MKW24D5.s.obj [1]
  .text              ro code       0x15cc     0x8  startup_MKW24D5.s.obj [1]
  .text              ro code       0x15d4     0x8  startup_MKW24D5.s.obj [1]
  .text              ro code       0x15dc     0x8  startup_MKW24D5.s.obj [1]
  .text              ro code       0x15e4     0x8  startup_MKW24D5.s.obj [1]
  .text              ro code       0x15ec     0x8  startup_MKW24D5.s.obj [1]
  .text              ro code       0x15f4     0x8  startup_MKW24D5.s.obj [1]
  .text              ro code       0x15fc     0x8  startup_MKW24D5.s.obj [1]
  .text              ro code       0x1604     0x8  startup_MKW24D5.s.obj [1]
  .text              ro code       0x160c     0x8  startup_MKW24D5.s.obj [1]
  .text              ro code       0x1614     0x8  startup_MKW24D5.s.obj [1]
  .text              ro code       0x161c     0x8  startup_MKW24D5.s.obj [1]
  .text              ro code       0x1624     0x8  startup_MKW24D5.s.obj [1]
  .text              ro code       0x162c     0x8  startup_MKW24D5.s.obj [1]
  .text              ro code       0x1634     0x8  startup_MKW24D5.s.obj [1]
  .text              ro code       0x163c     0x4  startup_MKW24D5.s.obj [1]
  .rodata            const         0x1640     0x0  zero_init3.o [7]
  .rodata            const         0x1640     0x0  copy_init3.o [7]
                                 - 0x1640  0x1230

"P3-P4", part 1 of 2:                         0xc
  RW                          0x1fff'8000     0xc  <Block>
    RW-1                      0x1fff'8000     0xc  <Init block>
      .data          inited   0x1fff'8000     0x4  system_MKW24D5.c.obj [3]
      .data          inited   0x1fff'8004     0x4  fsl_clock.c.obj [4]
      .data          inited   0x1fff'8008     0x4  fsl_clock.c.obj [4]
                            - 0x1fff'800c     0xc

"P3-P4", part 2 of 2:                        0x28
  ZI                          0x1fff'800c    0x28  <Block>
    .bss             zero     0x1fff'800c     0xc  fsl_uart.c.obj [4]
    .bss             zero     0x1fff'8018     0x4  fsl_uart.c.obj [4]
    .bss             zero     0x1fff'801c    0x10  fsl_debug_console.c.obj [5]
    .bss             zero     0x1fff'802c     0x4  fsl_clock.c.obj [4]
    .bss             zero     0x1fff'8030     0x4  fsl_clock.c.obj [4]
                            - 0x1fff'8034    0x28

"P6":                                       0x400
  CSTACK                      0x2000'7c00   0x400  <Block>
    CSTACK           uninit   0x2000'7c00   0x400  <Block tail>
                            - 0x2000'8000   0x400

Unused ranges:

         From           To      Size
         ----           --      ----
       0x1640     0x7'ffff  0x7'e9c0
  0x1fff'8034  0x1fff'ffff    0x7fcc
  0x2000'0000  0x2000'7bff    0x7c00


*******************************************************************************
*** INIT TABLE
***

          Address      Size
          -------      ----
Zero (__iar_zero_init3)
    1 destination range, total size 0x28:
          0x1fff'800c  0x28

Copy (__iar_copy_init3)
    1 source range, total size 0xc:
               0x1528   0xc
    1 destination range, total size 0xc:
          0x1fff'8000   0xc



*******************************************************************************
*** MODULE SUMMARY
***

    Module                   ro code  ro data  rw data
    ------                   -------  -------  -------
command line/config:
    --------------------------------------------------
    Total:

C:\Other_Code_Repo\CMake_IAR_Template\TWR-KW24D512\boards\twrkw24d512\demo_apps\hello_world\debug\CMakeFiles\asm.dir\C_\Other_Code_Repo\CMake_IAR_Template\TWR-KW24D512\devices\MKW24D5\iar: [1]
    startup_MKW24D5.s.obj      1 318
    --------------------------------------------------
    Total:                     1 318

C:\Other_Code_Repo\CMake_IAR_Template\TWR-KW24D512\boards\twrkw24d512\demo_apps\hello_world\debug\CMakeFiles\hello_world.dir: [2]
    board.c.obj                  140
    clock_config.c.obj           136       28
    hello_world.c.obj             36       44
    pin_mux.c.obj                100
    --------------------------------------------------
    Total:                       412       72

C:\Other_Code_Repo\CMake_IAR_Template\TWR-KW24D512\boards\twrkw24d512\demo_apps\hello_world\debug\CMakeFiles\hello_world.dir\C_\Other_Code_Repo\CMake_IAR_Template\TWR-KW24D512\devices\MKW24D5: [3]
    system_MKW24D5.c.obj          32        4        4
    --------------------------------------------------
    Total:                        32        4        4

C:\Other_Code_Repo\CMake_IAR_Template\TWR-KW24D512\boards\twrkw24d512\demo_apps\hello_world\debug\CMakeFiles\hello_world.dir\C_\Other_Code_Repo\CMake_IAR_Template\TWR-KW24D512\devices\MKW24D5\drivers: [4]
    fsl_clock.c.obj            1 216       76       16
    fsl_common.c.obj              24       44
    fsl_uart.c.obj               766      464       16
    --------------------------------------------------
    Total:                     2 006      584       32

C:\Other_Code_Repo\CMake_IAR_Template\TWR-KW24D512\boards\twrkw24d512\demo_apps\hello_world\debug\CMakeFiles\hello_world.dir\C_\Other_Code_Repo\CMake_IAR_Template\TWR-KW24D512\devices\MKW24D5\utilities: [5]
    fsl_debug_console.c.obj      964                16
    --------------------------------------------------
    Total:                       964                16

dl7M_tln.a: [6]
    exit.o                         4
    --------------------------------------------------
    Total:                         4

rt7M_tl.a: [7]
    XXexit.o                      12
    cexit.o                       10
    cmain.o                       30
    copy_init3.o                  44
    cstartup_M.o                  12
    data_init.o                   40
    strlen.o                      54
    zero_init3.o                  58
    --------------------------------------------------
    Total:                       260

    Gaps                           4
    Linker created                         36    1 024
------------------------------------------------------
    Grand Total:               5 000      696    1 076


*******************************************************************************
*** ENTRY LIST
***

Entry                       Address   Size  Type      Object
-----                       -------   ----  ----      ------
.iar.init_table$$Base        0x13f4          --   Gb  - Linker created -
.iar.init_table$$Limit       0x1418          --   Gb  - Linker created -
?main                        0x1439         Code  Gb  cmain.o [7]
BOARD_BootClockRUN           0x1235   0x3e  Code  Gb  clock_config.c.obj [2]
BOARD_InitDebugConsole       0x1185   0x18  Code  Gb  board.c.obj [2]
BOARD_InitPins               0x12c3   0x2a  Code  Gb  pin_mux.c.obj [2]
CLOCK_BootToPeeMode           0x859   0x42  Code  Gb  fsl_clock.c.obj [4]
CLOCK_CONFIG_SetFllExtRefDiv
                             0x1221   0x14  Code  Lc  clock_config.c.obj [2]
CLOCK_EnableClock             0xcad   0x16  Code  Lc  fsl_uart.c.obj [4]
CLOCK_EnableClock            0x1299   0x14  Code  Lc  pin_mux.c.obj [2]
CLOCK_EnablePll0              0x713   0x52  Code  Gb  fsl_clock.c.obj [4]
CLOCK_GetCoreSysClkFreq
                              0x563   0x16  Code  Gb  fsl_clock.c.obj [4]
CLOCK_GetFllExtRefClkFreq
                              0x4af   0x58  Code  Lc  fsl_clock.c.obj [4]
CLOCK_GetFllFreq              0x5b7   0x44  Code  Gb  fsl_clock.c.obj [4]
CLOCK_GetFllFreq::fllFactorTable
                             0x14b8   0x10  Data  Lc  fsl_clock.c.obj [4]
CLOCK_GetFllRefClkFreq        0x52d   0x18  Code  Lc  fsl_clock.c.obj [4]
CLOCK_GetInternalRefClkSelectFreq
                              0x507   0x26  Code  Lc  fsl_clock.c.obj [4]
CLOCK_GetMcgExtClkFreq        0x457   0x58  Code  Lc  fsl_clock.c.obj [4]
CLOCK_GetOscRangeFromFreq
                              0x547   0x1c  Code  Lc  fsl_clock.c.obj [4]
CLOCK_GetOutClkFreq           0x595   0x22  Code  Gb  fsl_clock.c.obj [4]
CLOCK_GetPll0Freq             0x5fb   0x4c  Code  Gb  fsl_clock.c.obj [4]
CLOCK_GetPll0RefFreq          0x545    0x2  Code  Lc  fsl_clock.c.obj [4]
CLOCK_InitOsc0                0x765   0x4e  Code  Gb  fsl_clock.c.obj [4]
CLOCK_SetEr32kClock           0x411   0x16  Code  Lc  fsl_clock.c.obj [4]
CLOCK_SetExternalRefClkConfig
                              0x647   0x3c  Code  Gb  fsl_clock.c.obj [4]
CLOCK_SetInternalRefClkConfig
                              0x683   0x90  Code  Gb  fsl_clock.c.obj [4]
CLOCK_SetPbeMode              0x7e1   0x68  Code  Gb  fsl_clock.c.obj [4]
CLOCK_SetPllFllSelClock
                              0x427   0x16  Code  Lc  fsl_clock.c.obj [4]
CLOCK_SetSimConfig            0x57b   0x1a  Code  Gb  fsl_clock.c.obj [4]
CLOCK_SetSimSafeDivs         0x1211    0xa  Code  Lc  clock_config.c.obj [2]
CLOCK_SetXtal0Freq           0x121b    0x6  Code  Lc  clock_config.c.obj [2]
CSTACK$$Base            0x2000'7c00          --   Gb  - Linker created -
CSTACK$$Limit           0x2000'8000          --   Gb  - Linker created -
DbgConsole_ConvertRadixNumToString
                              0xa07   0x7e  Code  Lc  fsl_debug_console.c.obj [5]
DbgConsole_Getchar            0x9ab   0x2a  Code  Gb  fsl_debug_console.c.obj [5]
DbgConsole_Init               0x915   0x52  Code  Gb  fsl_debug_console.c.obj [5]
DbgConsole_Printf             0x967   0x22  Code  Gb  fsl_debug_console.c.obj [5]
DbgConsole_PrintfFormattedData
                              0xa85  0x228  Code  Lc  fsl_debug_console.c.obj [5]
DbgConsole_PrintfPaddingCharacter
                              0x9e1   0x26  Code  Lc  fsl_debug_console.c.obj [5]
DbgConsole_Putchar            0x98d   0x1e  Code  Gb  fsl_debug_console.c.obj [5]
OSC_SetCapLoad                0x44b    0xc  Code  Lc  fsl_clock.c.obj [4]
OSC_SetExtRefClkConfig        0x43d    0xe  Code  Lc  fsl_clock.c.obj [4]
PORT_SetPinMux               0x12ad   0x16  Code  Lc  pin_mux.c.obj [2]
RW$$Base                0x1fff'8000          --   Gb  - Linker created -
RW$$Limit               0x1fff'800c          --   Gb  - Linker created -
Region$$Table$$Base          0x13f4          --   Gb  - Linker created -
Region$$Table$$Limit         0x1418          --   Gb  - Linker created -
SystemCoreClock         0x1fff'8000    0x4  Data  Gb  system_MKW24D5.c.obj [3]
SystemInit                   0x1419   0x18  Code  Gb  system_MKW24D5.c.obj [3]
UART0_DriverIRQHandler        0xf41    0xc  Code  Gb  fsl_uart.c.obj [4]
UART0_RX_TX_DriverIRQHandler
                              0xf51    0x2  Code  Gb  fsl_uart.c.obj [4]
UART1_DriverIRQHandler        0xf53    0xc  Code  Gb  fsl_uart.c.obj [4]
UART1_RX_TX_DriverIRQHandler
                              0xf65    0x2  Code  Gb  fsl_uart.c.obj [4]
UART2_DriverIRQHandler        0xf67    0xc  Code  Gb  fsl_uart.c.obj [4]
UART2_RX_TX_DriverIRQHandler
                              0xfa9    0x2  Code  Gb  fsl_uart.c.obj [4]
UART_EnableRx                 0x8ff   0x16  Code  Lc  fsl_debug_console.c.obj [5]
UART_EnableTx                 0x8e9   0x16  Code  Lc  fsl_debug_console.c.obj [5]
UART_GetDefaultConfig         0xe77   0x32  Code  Gb  fsl_uart.c.obj [4]
UART_GetInstance              0xcc3   0x32  Code  Gb  fsl_uart.c.obj [4]
UART_GetStatusFlags           0xea9   0x18  Code  Gb  fsl_uart.c.obj [4]
UART_Init                     0xcf5  0x182  Code  Gb  fsl_uart.c.obj [4]
UART_ReadBlocking             0xed9   0x68  Code  Gb  fsl_uart.c.obj [4]
UART_WriteBlocking            0xec1   0x18  Code  Gb  fsl_uart.c.obj [4]
ZI$$Base                0x1fff'800c          --   Gb  - Linker created -
ZI$$Limit               0x1fff'8034          --   Gb  - Linker created -
__RAM_VECTOR_TABLE_SIZE {Abs}
                                0x0         Data  Gb  <internal module>
__VECTOR_RAM {Abs}              0x0         Data  Gb  <internal module>
__VECTOR_TABLE {Abs}            0x0         Data  Gb  <internal module>
__Vectors                       0x0          --   Gb  startup_MKW24D5.s.obj [1]
__Vectors_End                 0x400         Data  Gb  startup_MKW24D5.s.obj [1]
__Vectors_Size {Abs}          0x400          --   Gb  startup_MKW24D5.s.obj [1]
__aeabi_assert                0x8d1   0x12  Code  Gb  fsl_common.c.obj [4]
__cmain                      0x1439         Code  Gb  cmain.o [7]
__exit                       0x1469         Code  Gb  XXexit.o [7]
__iar_copy_init3             0x1355   0x2c  Code  Gb  copy_init3.o [7]
__iar_data_init3             0x13a9   0x28  Code  Gb  data_init.o [7]
__iar_program_start          0x151d         Code  Gb  cstartup_M.o [7]
__iar_zero_init3              0xfab   0x3a  Code  Gb  zero_init3.o [7]
__vector_table                  0x0         Data  Gb  startup_MKW24D5.s.obj [1]
__vector_table_0x1c            0x1c         Data  Gb  startup_MKW24D5.s.obj [1]
_call_main                   0x1445         Code  Gb  cmain.o [7]
_exit                        0x145d         Code  Gb  cexit.o [7]
_main                        0x1453         Code  Gb  cmain.o [7]
exit                         0x1457    0x4  Code  Gb  exit.o [6]
g_xtal0Freq             0x1fff'802c    0x4  Data  Gb  fsl_clock.c.obj [4]
g_xtal32Freq            0x1fff'8030    0x4  Data  Gb  fsl_clock.c.obj [4]
main                         0x13d1   0x24  Code  Gb  hello_world.c.obj [2]
mcgConfig_BOARD_BootClockRUN
                             0x14ec    0xc  Data  Gb  clock_config.c.obj [2]
oscConfig_BOARD_BootClockRUN
                             0x154c    0x8  Data  Gb  clock_config.c.obj [2]
s_debugConsole          0x1fff'801c   0x10  Data  Lc  fsl_debug_console.c.obj [5]
s_fastIrcFreq           0x1fff'8008    0x4  Data  Lc  fsl_clock.c.obj [4]
s_slowIrcFreq           0x1fff'8004    0x4  Data  Lc  fsl_clock.c.obj [4]
s_uartBases                  0x14d4    0xc  Data  Lc  fsl_uart.c.obj [4]
s_uartClock                  0x14e0    0xc  Data  Lc  fsl_uart.c.obj [4]
s_uartHandle            0x1fff'800c    0xc  Data  Lc  fsl_uart.c.obj [4]
s_uartIsr               0x1fff'8018    0x4  Data  Lc  fsl_uart.c.obj [4]
setModemClock                0x119d   0x4e  Code  Gb  board.c.obj [2]
simConfig_BOARD_BootClockRUN
                             0x1544    0x8  Data  Gb  clock_config.c.obj [2]
strlen                        0xfe5         Code  Gb  strlen.o [7]


[1] = C:\Other_Code_Repo\CMake_IAR_Template\TWR-KW24D512\boards\twrkw24d512\demo_apps\hello_world\debug\CMakeFiles\asm.dir\C_\Other_Code_Repo\CMake_IAR_Template\TWR-KW24D512\devices\MKW24D5\iar
[2] = C:\Other_Code_Repo\CMake_IAR_Template\TWR-KW24D512\boards\twrkw24d512\demo_apps\hello_world\debug\CMakeFiles\hello_world.dir
[3] = C:\Other_Code_Repo\CMake_IAR_Template\TWR-KW24D512\boards\twrkw24d512\demo_apps\hello_world\debug\CMakeFiles\hello_world.dir\C_\Other_Code_Repo\CMake_IAR_Template\TWR-KW24D512\devices\MKW24D5
[4] = C:\Other_Code_Repo\CMake_IAR_Template\TWR-KW24D512\boards\twrkw24d512\demo_apps\hello_world\debug\CMakeFiles\hello_world.dir\C_\Other_Code_Repo\CMake_IAR_Template\TWR-KW24D512\devices\MKW24D5\drivers
[5] = C:\Other_Code_Repo\CMake_IAR_Template\TWR-KW24D512\boards\twrkw24d512\demo_apps\hello_world\debug\CMakeFiles\hello_world.dir\C_\Other_Code_Repo\CMake_IAR_Template\TWR-KW24D512\devices\MKW24D5\utilities
[6] = dl7M_tln.a
[7] = rt7M_tl.a

  5 000 bytes of readonly  code memory
    696 bytes of readonly  data memory
  1 076 bytes of readwrite data memory

Errors: none
Warnings: none
