###############################################################################
#
# IAR ELF Linker V8.30.1.114/W32 for ARM                  04/Dec/2019  09:10:55
# Copyright 2007-2018 IAR Systems AB.
#
#    Output file  =  ..\iar\release\Exe\hello_world.out
#    Map file     =  
#        C:/Other_Code_Repo/CMake_IAR_Template/TWR-KW24D512/boards/twrkw24d512/demo_apps/hello_world/iar/Release/List/hello_world.map
#    Command line =  
#        CMakeFiles\asm.dir\C_\Other_Code_Repo\CMake_IAR_Template\TWR-KW24D512\devices\MKW24D5\iar\startup_MKW24D5.s.obj
#        CMakeFiles\hello_world.dir\C_\Other_Code_Repo\CMake_IAR_Template\TWR-KW24D512\devices\MKW24D5\drivers\fsl_uart.c.obj
#        CMakeFiles\hello_world.dir\hello_world.c.obj
#        CMakeFiles\hello_world.dir\pin_mux.c.obj
#        CMakeFiles\hello_world.dir\board.c.obj
#        CMakeFiles\hello_world.dir\C_\Other_Code_Repo\CMake_IAR_Template\TWR-KW24D512\devices\MKW24D5\drivers\fsl_common.c.obj
#        CMakeFiles\hello_world.dir\C_\Other_Code_Repo\CMake_IAR_Template\TWR-KW24D512\devices\MKW24D5\utilities\fsl_debug_console.c.obj
#        CMakeFiles\hello_world.dir\C_\Other_Code_Repo\CMake_IAR_Template\TWR-KW24D512\devices\MKW24D5\system_MKW24D5.c.obj
#        CMakeFiles\hello_world.dir\C_\Other_Code_Repo\CMake_IAR_Template\TWR-KW24D512\devices\MKW24D5\drivers\fsl_gpio.c.obj
#        CMakeFiles\hello_world.dir\clock_config.c.obj
#        CMakeFiles\hello_world.dir\C_\Other_Code_Repo\CMake_IAR_Template\TWR-KW24D512\devices\MKW24D5\drivers\fsl_smc.c.obj
#        CMakeFiles\hello_world.dir\C_\Other_Code_Repo\CMake_IAR_Template\TWR-KW24D512\devices\MKW24D5\drivers\fsl_flash.c.obj
#        CMakeFiles\hello_world.dir\C_\Other_Code_Repo\CMake_IAR_Template\TWR-KW24D512\devices\MKW24D5\drivers\fsl_clock.c.obj
#        --config_def=gUseBootloaderLink_d=1 --config_def=APPLICATION_BUILD=1
#        --config
#        C:/Other_Code_Repo/CMake_IAR_Template/TWR-KW24D512/boards/twrkw24d512/demo_apps/hello_world/iar/MKW24D512xxx5_flash.icf
#        --redirect _Printf=_PrintfLargeNoMb --redirect _Scanf=_ScanfFullNoMb
#        --map
#        C:/Other_Code_Repo/CMake_IAR_Template/TWR-KW24D512/boards/twrkw24d512/demo_apps/hello_world/iar/Release/List/hello_world.map
#        --entry __iar_program_start --inline --no_exceptions --vfe=forced
#        --merge_duplicate_sections -o ..\iar\release\Exe\hello_world.out
#
###############################################################################

*******************************************************************************
*** RUNTIME MODEL ATTRIBUTES
***

CppFlavor       = *
__SystemLibrary = DLib
__dlib_version  = 6


*******************************************************************************
*** HEAP SELECTION
***

The basic heap was selected because no calls to memory allocation
functions were found in the application outside of system library
functions, and there are calls to deallocation functions in the
application.


*******************************************************************************
*** PLACEMENT SUMMARY
***

"A0":  place at 0x0 { ro section .intvec };
"P1":  place in [from 0x400 to 0x40f] { section FlashConfig };
"P2":  place in [from 0x0 to 0x3ff] |
                [from 0x410 to 0x7'ffff] { ro };
define block RW { rw };
"P3":  place in [from 0x1fff'8000 to 0x1fff'ffff] |
                [from 0x2000'0000 to 0x2000'7bff] { block RW };
define block ZI { zi };
"P4":  place in [from 0x1fff'8000 to 0x1fff'ffff] |
                [from 0x2000'0000 to 0x2000'7bff] { block ZI };
define block CSTACK with size = 1K, alignment = 8 { };
"P6":  place in [from 0x2000'7c00 to 0x2000'7fff] { block CSTACK };
initialize by copy { rw, section .textrw };

No sections matched the following patterns:

  section m_interrupts_ram  in "P7"


  Section            Kind         Address   Size  Object
  -------            ----         -------   ----  ------
"A0":                                      0x400
  .intvec            ro code          0x0  0x400  startup_MKW24D5.s.obj [1]
                                  - 0x400  0x400

"P1":                                       0x10
  FlashConfig        ro code        0x400   0x10  startup_MKW24D5.s.obj [1]
                                  - 0x410   0x10

"P2":                                      0xc44
  .text              ro code        0x410  0x380  fsl_clock.c.obj [4]
  .text              ro code        0x790  0x320  fsl_debug_console.c.obj [5]
  .text              ro code        0xab0  0x1b4  fsl_uart.c.obj [4]
  .text              ro code        0xc64   0x36  strlen.o [7]
  .text              ro code        0xc9a   0x3a  zero_init3.o [7]
  .text              ro code        0xcd4   0x80  clock_config.c.obj [2]
  .text              ro code        0xd54   0x74  board.c.obj [2]
  .text              ro code        0xdc8   0x50  hello_world.c.obj [2]
  .text              ro code        0xe18   0x38  pin_mux.c.obj [2]
  .text              ro code        0xe50   0x2c  copy_init3.o [7]
  .text              ro code        0xe7c   0x28  startup_MKW24D5.s.obj [1]
  .text              ro code        0xea4   0x28  data_init.o [7]
  .iar.init_table    const          0xecc   0x24  - Linker created -
  .text              ro code        0xef0   0x1e  cmain.o [7]
  .text              ro code        0xf0e    0x4  exit.o [6]
  .text              ro code        0xf12    0x2  startup_MKW24D5.s.obj [1]
  .text              ro code        0xf14    0xa  cexit.o [7]
  .text              ro code        0xf20    0xc  XXexit.o [7]
  .text              ro code        0xf2c   0x1c  system_MKW24D5.c.obj [3]
  Initializer bytes  const          0xf48   0x14  <for RW-1>
  .text              ro code        0xf5c    0xc  cstartup_M.o [7]
  .text              ro code        0xf68    0x8  startup_MKW24D5.s.obj [1]
  .text              ro code        0xf70    0x8  startup_MKW24D5.s.obj [1]
  .text              ro code        0xf78    0x8  startup_MKW24D5.s.obj [1]
  .text              ro code        0xf80    0x8  startup_MKW24D5.s.obj [1]
  .text              ro code        0xf88    0x8  startup_MKW24D5.s.obj [1]
  .text              ro code        0xf90    0x8  startup_MKW24D5.s.obj [1]
  .text              ro code        0xf98    0x8  startup_MKW24D5.s.obj [1]
  .text              ro code        0xfa0    0x8  startup_MKW24D5.s.obj [1]
  .text              ro code        0xfa8    0x8  startup_MKW24D5.s.obj [1]
  .text              ro code        0xfb0    0x8  startup_MKW24D5.s.obj [1]
  .text              ro code        0xfb8    0x8  startup_MKW24D5.s.obj [1]
  .text              ro code        0xfc0    0x8  startup_MKW24D5.s.obj [1]
  .text              ro code        0xfc8    0x8  startup_MKW24D5.s.obj [1]
  .text              ro code        0xfd0    0x8  startup_MKW24D5.s.obj [1]
  .text              ro code        0xfd8    0x8  startup_MKW24D5.s.obj [1]
  .text              ro code        0xfe0    0x8  startup_MKW24D5.s.obj [1]
  .text              ro code        0xfe8    0x8  startup_MKW24D5.s.obj [1]
  .text              ro code        0xff0    0x8  startup_MKW24D5.s.obj [1]
  .text              ro code        0xff8    0x8  startup_MKW24D5.s.obj [1]
  .text              ro code       0x1000    0x8  startup_MKW24D5.s.obj [1]
  .text              ro code       0x1008    0x8  startup_MKW24D5.s.obj [1]
  .text              ro code       0x1010    0x8  startup_MKW24D5.s.obj [1]
  .text              ro code       0x1018    0x8  startup_MKW24D5.s.obj [1]
  .text              ro code       0x1020    0x8  startup_MKW24D5.s.obj [1]
  .text              ro code       0x1028    0x8  startup_MKW24D5.s.obj [1]
  .text              ro code       0x1030    0x8  startup_MKW24D5.s.obj [1]
  .text              ro code       0x1038    0x8  startup_MKW24D5.s.obj [1]
  .text              ro code       0x1040    0x8  startup_MKW24D5.s.obj [1]
  .text              ro code       0x1048    0x8  startup_MKW24D5.s.obj [1]
  .text              ro code       0x1050    0x4  startup_MKW24D5.s.obj [1]
  .rodata            const         0x1054    0x0  zero_init3.o [7]
  .rodata            const         0x1054    0x0  copy_init3.o [7]
                                 - 0x1054  0xc44

"P3-P4", part 1 of 2:                       0x14
  RW                          0x1fff'8000   0x14  <Block>
    RW-1                      0x1fff'8000   0x14  <Init block>
      .data          inited   0x1fff'8000    0x4  system_MKW24D5.c.obj [3]
      .data          inited   0x1fff'8004   0x10  fsl_clock.c.obj [4]
                            - 0x1fff'8014   0x14

"P3-P4", part 2 of 2:                       0x20
  ZI                          0x1fff'8014   0x20  <Block>
    .bss             zero     0x1fff'8014   0x10  fsl_uart.c.obj [4]
    .bss             zero     0x1fff'8024   0x10  fsl_debug_console.c.obj [5]
                            - 0x1fff'8034   0x20

"P6":                                      0x400
  CSTACK                      0x2000'7c00  0x400  <Block>
    CSTACK           uninit   0x2000'7c00  0x400  <Block tail>
                            - 0x2000'8000  0x400

Unused ranges:

         From           To      Size
         ----           --      ----
       0x1054     0x7'ffff  0x7'efac
  0x1fff'8034  0x1fff'ffff    0x7fcc
  0x2000'0000  0x2000'7bff    0x7c00


*******************************************************************************
*** INIT TABLE
***

          Address      Size
          -------      ----
Zero (__iar_zero_init3)
    1 destination range, total size 0x20:
          0x1fff'8014  0x20

Copy (__iar_copy_init3)
    1 source range, total size 0x14:
                0xf48  0x14
    1 destination range, total size 0x14:
          0x1fff'8000  0x14



*******************************************************************************
*** MODULE SUMMARY
***

    Module                   ro code  ro data  rw data
    ------                   -------  -------  -------
command line/config:
    --------------------------------------------------
    Total:

C:\Other_Code_Repo\CMake_IAR_Template\TWR-KW24D512\boards\twrkw24d512\demo_apps\hello_world\release\CMakeFiles\asm.dir\C_\Other_Code_Repo\CMake_IAR_Template\TWR-KW24D512\devices\MKW24D5\iar: [1]
    startup_MKW24D5.s.obj      1 318
    --------------------------------------------------
    Total:                     1 318

C:\Other_Code_Repo\CMake_IAR_Template\TWR-KW24D512\boards\twrkw24d512\demo_apps\hello_world\release\CMakeFiles\hello_world.dir: [2]
    board.c.obj                  116
    clock_config.c.obj           128
    hello_world.c.obj             80
    pin_mux.c.obj                 56
    --------------------------------------------------
    Total:                       380

C:\Other_Code_Repo\CMake_IAR_Template\TWR-KW24D512\boards\twrkw24d512\demo_apps\hello_world\release\CMakeFiles\hello_world.dir\C_\Other_Code_Repo\CMake_IAR_Template\TWR-KW24D512\devices\MKW24D5: [3]
    system_MKW24D5.c.obj          28        4        4
    --------------------------------------------------
    Total:                        28        4        4

C:\Other_Code_Repo\CMake_IAR_Template\TWR-KW24D512\boards\twrkw24d512\demo_apps\hello_world\release\CMakeFiles\hello_world.dir\C_\Other_Code_Repo\CMake_IAR_Template\TWR-KW24D512\devices\MKW24D5\drivers: [4]
    fsl_clock.c.obj              896       16       16
    fsl_uart.c.obj               436                16
    --------------------------------------------------
    Total:                     1 332       16       32

C:\Other_Code_Repo\CMake_IAR_Template\TWR-KW24D512\boards\twrkw24d512\demo_apps\hello_world\release\CMakeFiles\hello_world.dir\C_\Other_Code_Repo\CMake_IAR_Template\TWR-KW24D512\devices\MKW24D5\utilities: [5]
    fsl_debug_console.c.obj      800                16
    --------------------------------------------------
    Total:                       800                16

dl7M_tln.a: [6]
    exit.o                         4
    --------------------------------------------------
    Total:                         4

rt7M_tl.a: [7]
    XXexit.o                      12
    cexit.o                       10
    cmain.o                       30
    copy_init3.o                  44
    cstartup_M.o                  12
    data_init.o                   40
    strlen.o                      54
    zero_init3.o                  58
    --------------------------------------------------
    Total:                       260

    Gaps                           2
    Linker created                         36    1 024
------------------------------------------------------
    Grand Total:               4 124       56    1 076


*******************************************************************************
*** ENTRY LIST
***

Entry                       Address   Size  Type      Object
-----                       -------   ----  ----      ------
.iar.init_table$$Base         0xecc          --   Gb  - Linker created -
.iar.init_table$$Limit        0xef0          --   Gb  - Linker created -
?main                         0xef1         Code  Gb  cmain.o [7]
BOARD_BootClockRUN            0xcd5   0x4a  Code  Gb  clock_config.c.obj [2]
BOARD_InitDebugConsole        0xd55   0x18  Code  Gb  board.c.obj [2]
BOARD_InitPins                0xe19   0x38  Code  Gb  pin_mux.c.obj [2]
CLOCK_BootToPeeMode           0x71b   0x2a  Code  Gb  fsl_clock.c.obj [4]
CLOCK_GetCoreSysClkFreq
                              0x4ad    0x2  Code  Gb  fsl_clock.c.obj [4]
CLOCK_GetFllFreq              0x52f   0x36  Code  Gb  fsl_clock.c.obj [4]
CLOCK_GetFllFreq::fllFactorTable
                              0x780   0x10  Data  Lc  fsl_clock.c.obj [4]
CLOCK_GetFllRefClkFreq        0x42b   0x72  Code  Lc  fsl_clock.c.obj [4]
CLOCK_GetMcgExtClkFreq        0x411   0x1a  Code  Lc  fsl_clock.c.obj [4]
CLOCK_GetOutClkFreq           0x4f9   0x36  Code  Gb  fsl_clock.c.obj [4]
CLOCK_GetPll0Freq             0x56d   0x40  Code  Gb  fsl_clock.c.obj [4]
CLOCK_InitOsc0                0x651   0x60  Code  Gb  fsl_clock.c.obj [4]
CLOCK_SetExternalRefClkConfig
                              0x5ad   0x30  Code  Gb  fsl_clock.c.obj [4]
CLOCK_SetInternalRefClkConfig
                              0x5dd   0x74  Code  Gb  fsl_clock.c.obj [4]
CLOCK_SetPbeMode              0x6b1   0x6a  Code  Gb  fsl_clock.c.obj [4]
CLOCK_SetSimConfig            0x4c5   0x32  Code  Gb  fsl_clock.c.obj [4]
CSTACK$$Base            0x2000'7c00          --   Gb  - Linker created -
CSTACK$$Limit           0x2000'8000          --   Gb  - Linker created -
DbgConsole_ConvertRadixNumToString
                              0x851   0x72  Code  Lc  fsl_debug_console.c.obj [5]
DbgConsole_Getchar            0x82f   0x1c  Code  Gb  fsl_debug_console.c.obj [5]
DbgConsole_Init               0x791   0x5e  Code  Gb  fsl_debug_console.c.obj [5]
DbgConsole_Printf             0x7ef   0x1e  Code  Gb  fsl_debug_console.c.obj [5]
DbgConsole_PrintfFormattedData
                              0x8c3  0x1de  Code  Lc  fsl_debug_console.c.obj [5]
DbgConsole_Putchar            0x80d   0x1a  Code  Gb  fsl_debug_console.c.obj [5]
RW$$Base                0x1fff'8000          --   Gb  - Linker created -
RW$$Limit               0x1fff'8014          --   Gb  - Linker created -
Region$$Table$$Base           0xecc          --   Gb  - Linker created -
Region$$Table$$Limit          0xef0          --   Gb  - Linker created -
SystemCoreClock         0x1fff'8000    0x4  Data  Gb  system_MKW24D5.c.obj [3]
SystemInit                    0xf2d   0x16  Code  Gb  system_MKW24D5.c.obj [3]
UART0_RX_TX_DriverIRQHandler
                              0xc1d    0x2  Code  Gb  fsl_uart.c.obj [4]
UART1_RX_TX_DriverIRQHandler
                              0xc29    0x2  Code  Gb  fsl_uart.c.obj [4]
UART2_RX_TX_DriverIRQHandler
                              0xc35    0x2  Code  Gb  fsl_uart.c.obj [4]
UART_GetDefaultConfig         0xb99   0x16  Code  Gb  fsl_uart.c.obj [4]
UART_Init                     0xab1   0xe8  Code  Gb  fsl_uart.c.obj [4]
UART_ReadBlocking             0xbc7   0x54  Code  Gb  fsl_uart.c.obj [4]
UART_WriteBlocking            0xbaf   0x18  Code  Gb  fsl_uart.c.obj [4]
ZI$$Base                0x1fff'8014          --   Gb  - Linker created -
ZI$$Limit               0x1fff'8034          --   Gb  - Linker created -
__RAM_VECTOR_TABLE_SIZE {Abs}
                                0x0         Data  Gb  <internal module>
__VECTOR_RAM {Abs}              0x0         Data  Gb  <internal module>
__VECTOR_TABLE {Abs}            0x0         Data  Gb  <internal module>
__Vectors                       0x0          --   Gb  startup_MKW24D5.s.obj [1]
__Vectors_End                 0x400         Data  Gb  startup_MKW24D5.s.obj [1]
__Vectors_Size {Abs}          0x400          --   Gb  startup_MKW24D5.s.obj [1]
__cmain                       0xef1         Code  Gb  cmain.o [7]
__exit                        0xf21         Code  Gb  XXexit.o [7]
__iar_copy_init3              0xe51   0x2c  Code  Gb  copy_init3.o [7]
__iar_data_init3              0xea5   0x28  Code  Gb  data_init.o [7]
__iar_program_start           0xf5d         Code  Gb  cstartup_M.o [7]
__iar_zero_init3              0xc9b   0x3a  Code  Gb  zero_init3.o [7]
__vector_table                  0x0         Data  Gb  startup_MKW24D5.s.obj [1]
__vector_table_0x1c            0x1c         Data  Gb  startup_MKW24D5.s.obj [1]
_call_main                    0xefd         Code  Gb  cmain.o [7]
_exit                         0xf15         Code  Gb  cexit.o [7]
_main                         0xf0b         Code  Gb  cmain.o [7]
exit                          0xf0f    0x4  Code  Gb  exit.o [6]
g_xtal0Freq             0x1fff'800c    0x4  Data  Gb  fsl_clock.c.obj [4]
g_xtal32Freq            0x1fff'8010    0x4  Data  Gb  fsl_clock.c.obj [4]
main                          0xdc9   0x22  Code  Gb  hello_world.c.obj [2]
mcgConfig_BOARD_BootClockRUN
                              0xd38    0xc  Data  Gb  clock_config.c.obj [2]
oscConfig_BOARD_BootClockRUN
                              0xd4c    0x8  Data  Gb  clock_config.c.obj [2]
s_debugConsole          0x1fff'8024   0x10  Data  Lc  fsl_debug_console.c.obj [5]
s_fastIrcFreq           0x1fff'8008    0x4  Data  Lc  fsl_clock.c.obj [4]
s_slowIrcFreq           0x1fff'8004    0x4  Data  Lc  fsl_clock.c.obj [4]
s_uartClock                   0xc58    0xc  Data  Lc  fsl_uart.c.obj [4]
s_uartHandle            0x1fff'8014    0xc  Data  Lc  fsl_uart.c.obj [4]
s_uartIsr               0x1fff'8020    0x4  Data  Lc  fsl_uart.c.obj [4]
setModemClock                 0xd6d   0x46  Code  Gb  board.c.obj [2]
simConfig_BOARD_BootClockRUN
                              0xd44    0x8  Data  Gb  clock_config.c.obj [2]
strlen                        0xc65         Code  Gb  strlen.o [7]


[1] = C:\Other_Code_Repo\CMake_IAR_Template\TWR-KW24D512\boards\twrkw24d512\demo_apps\hello_world\release\CMakeFiles\asm.dir\C_\Other_Code_Repo\CMake_IAR_Template\TWR-KW24D512\devices\MKW24D5\iar
[2] = C:\Other_Code_Repo\CMake_IAR_Template\TWR-KW24D512\boards\twrkw24d512\demo_apps\hello_world\release\CMakeFiles\hello_world.dir
[3] = C:\Other_Code_Repo\CMake_IAR_Template\TWR-KW24D512\boards\twrkw24d512\demo_apps\hello_world\release\CMakeFiles\hello_world.dir\C_\Other_Code_Repo\CMake_IAR_Template\TWR-KW24D512\devices\MKW24D5
[4] = C:\Other_Code_Repo\CMake_IAR_Template\TWR-KW24D512\boards\twrkw24d512\demo_apps\hello_world\release\CMakeFiles\hello_world.dir\C_\Other_Code_Repo\CMake_IAR_Template\TWR-KW24D512\devices\MKW24D5\drivers
[5] = C:\Other_Code_Repo\CMake_IAR_Template\TWR-KW24D512\boards\twrkw24d512\demo_apps\hello_world\release\CMakeFiles\hello_world.dir\C_\Other_Code_Repo\CMake_IAR_Template\TWR-KW24D512\devices\MKW24D5\utilities
[6] = dl7M_tln.a
[7] = rt7M_tl.a

  4 124 bytes of readonly  code memory
     56 bytes of readonly  data memory
  1 076 bytes of readwrite data memory

Errors: none
Warnings: none
